Sending build context to Docker daemon  86.02kB
Step 1/9 : FROM python:alpine
 ---> fe3ef29c73f3
Step 2/9 : COPY ./requirements.txt .
 ---> Using cache
 ---> b9b8d42cf30f
Step 3/9 : RUN python -m venv flaskvenv   && /flaskvenv/bin/pip install --no-cache-dir -r /requirements.txt   && rm requirements.txt   && adduser -D flask
 ---> Using cache
 ---> 31fb14ce8f7b
Step 4/9 : COPY ./src /home/flask/src
 ---> Using cache
 ---> f83362785870
Step 5/9 : RUN chown -Rv flask:nogroup /home/flask   && chmod -Rv 500 /home/flask
 ---> Using cache
 ---> 351c11096b6c
Step 6/9 : USER flask
 ---> Using cache
 ---> 0cae6e76f4e8
Step 7/9 : WORKDIR /home/flask/src
 ---> Using cache
 ---> 5a67ca0996e3
Step 8/9 : ENV FLASK_APP=app.py
 ---> Using cache
 ---> cf3c9c4823bd
Step 9/9 : CMD ["/flaskvenv/bin/flask", "run"]
 ---> Using cache
 ---> a9e4f5f446d4
Successfully built a9e4f5f446d4
Successfully tagged test:latest
server - * Serving Flask app "app.py"
server - * Environment: production
server - WARNING: This is a development server. Do not use it in a production deployment.
server - Use a production WSGI server instead.
server - * Debug mode: off
 * Running on http://127.0.0.1:5000/ (Press CTRL+C to quit)
test_get_city (__main__.AttractionsTest)
positive testing of the server ... setting up
testing: baltimore -> national aquarium
127.0.0.1 - - [31/Aug/2019 13:46:04] "GET /city/baltimore/attraction/ HTTP/1.1" 200 -
testing: severn -> nsa headquarters
127.0.0.1 - - [31/Aug/2019 13:46:04] "GET /city/severn/attraction/ HTTP/1.1" 200 -
testing: san francisco -> golden gate bridge
127.0.0.1 - - [31/Aug/2019 13:46:04] "GET /city/san%20francisco/attraction/ HTTP/1.1" 200 -
testing: rachel -> area 51
127.0.0.1 - - [31/Aug/2019 13:46:04] "GET /city/rachel/attraction/ HTTP/1.1" 200 -
tearing down
ok
test_missing_city (__main__.AttractionsTest)
negative testing of the server ... setting up
testing to see if america returns a city attraction
127.0.0.1 - - [31/Aug/2019 13:46:05] "GET /city/america/attraction/ HTTP/1.1" 200 -
tearing down
ok
test_server_listening (__main__.AttractionsTest)
tests if the server is actually listening ... setting up
tearing down
ok

----------------------------------------------------------------------
Ran 3 tests in 0.064s

OK
